../Core/Src/main.c:129:6:startsWith	24	static
../Core/Src/main.c:139:6:map	24	static
../Core/Src/main.c:151:6:USBH_HID_EventCallback	24	static
../Core/Src/main.c:174:5:main	656	static
../Core/Src/main.c:845:6:SystemClock_Config	88	static
../Core/Src/main.c:891:13:MX_ADC1_Init	24	static
../Core/Src/main.c:943:13:MX_I2C2_Init	8	static
../Core/Src/main.c:977:13:MX_USART2_UART_Init	8	static
../Core/Src/main.c:1010:13:MX_USART6_UART_Init	8	static
../Core/Src/main.c:1043:13:MX_GPIO_Init	48	static
../Core/Src/main.c:1092:6:Error_Handler	4	static,ignoring_inline_asm
